// Jest Snapshot v1, https://goo.gl/fbAQLP

exports[`App should render correctly app component 1`] = `
<div
  className="container"
>
  <div
    className="center-content"
  >
    <div
      className="row"
    >
      <div
        className="col-xl-6 col-md-8 col-12"
      >
        <div
          className="form-source-selector w-100 mt-2 d-flex align-content-center justify-content-around"
        >
          <button
            className="change-data-button btn btn-outline-info"
            disabled={false}
            onClick={[Function]}
            type="button"
          >
            Change Form Sample
          </button>
        </div>
      </div>
    </div>
    <div
      className="row"
    >
      <div
        className="col-xl-6 col-md-8 col-12"
      >
        <form
          className="form-renderer p-3 my-3"
        >
          <div
            className="form-group"
          >
            <label
              className="form-label"
            >
              First name
            </label>
            <div>
              <div
                className="row"
              >
                <div
                  className="col-sm-6 col-12"
                >
                  <input
                    className="form-control"
                    name="first_name"
                    onChange={[Function]}
                    type="text"
                    value="Paul"
                  />
                </div>
              </div>
            </div>
          </div>
          <div
            className="form-group"
          >
            <label
              className="form-label"
            >
              Last name
            </label>
            <div>
              <div
                className="row"
              >
                <div
                  className="col-sm-6 col-12"
                >
                  <input
                    className="form-control"
                    name="last_name"
                    onChange={[Function]}
                    type="text"
                    value=""
                  />
                </div>
              </div>
            </div>
          </div>
          <div
            className="form-group"
          >
            <label
              className="form-label"
            >
              Email
            </label>
            <div>
              <div
                className="row"
              >
                <div
                  className="col-sm-8 col-12"
                >
                  <input
                    className="form-control"
                    name="email"
                    onChange={[Function]}
                    type="email"
                    value=""
                  />
                </div>
              </div>
            </div>
          </div>
          <div
            className="form-group"
          >
            <label
              className="form-label"
            >
              Gender
            </label>
            <div>
              <div
                className="radio-input-container"
              >
                <div>
                  <div
                    className="form-check form-check-inline"
                  >
                    <input
                      className="form-check-input"
                      defaultChecked={true}
                      disabled={false}
                      id="male"
                      name="gender"
                      onChange={[Function]}
                      type="radio"
                      value="male"
                    />
                    <label
                      className="form-check-label"
                      htmlFor="male"
                      title=""
                      type="checkbox"
                    >
                      Male
                    </label>
                  </div>
                </div>
                <div>
                  <div
                    className="form-check form-check-inline"
                  >
                    <input
                      className="form-check-input"
                      defaultChecked={false}
                      disabled={false}
                      id="female"
                      name="gender"
                      onChange={[Function]}
                      type="radio"
                      value="female"
                    />
                    <label
                      className="form-check-label"
                      htmlFor="female"
                      title=""
                      type="checkbox"
                    >
                      Female
                    </label>
                  </div>
                </div>
              </div>
            </div>
          </div>
          <div
            className="form-group"
          >
            <label
              className="form-label"
            >
              Continent
            </label>
            <div>
              <div
                className="row"
              >
                <div
                  className="col-sm-12 col-12"
                >
                  <select
                    className="form-control"
                    defaultValue="america"
                    onChange={[Function]}
                  >
                    <option
                      value="europe"
                    >
                       
                      Europe
                    </option>
                    <option
                      value="america"
                    >
                       
                      America
                    </option>
                    <option
                      value="asia"
                    >
                       
                      Asia
                    </option>
                    <option
                      value="africa"
                    >
                       
                      Africa
                    </option>
                    <option
                      value="australia"
                    >
                       
                      Australia
                    </option>
                    <option
                      value="antartica"
                    >
                       
                      Antartica
                    </option>
                  </select>
                </div>
              </div>
            </div>
          </div>
          <div
            className="form-group"
          >
            <label
              className="form-label"
            >
              Phone number
            </label>
            <div>
              <div
                className="row"
              >
                <div
                  className="col-sm-6 col-12"
                >
                  <div
                    className="row"
                  >
                    <div
                      className="col-12"
                    >
                      <select
                        className="form-control"
                        defaultValue="+387"
                        onChange={[Function]}
                      >
                        <option
                          value="387"
                        >
                           
                          Bosnia and Herzegovina
                        </option>
                        <option
                          value="54"
                        >
                           
                          Argentina
                        </option>
                      </select>
                    </div>
                  </div>
                </div>
                <div
                  className="col-sm-6 col-12"
                >
                  <div
                    className="row"
                  >
                    <div
                      className="col-12"
                    >
                      <input
                        className="form-control"
                        name="phone"
                        onChange={[Function]}
                        type="text"
                        value="123456"
                      />
                    </div>
                  </div>
                </div>
              </div>
            </div>
          </div>
          <div
            className="form-group"
          >
            <label
              className="form-label"
            >
              Interests
            </label>
            <div>
              <div>
                <div
                  className="mb-3"
                >
                  <div
                    className="row"
                  >
                    <div
                      className="col-sm-6 col-12"
                    >
                      <input
                        className="form-control"
                        name="0"
                        onChange={[Function]}
                        type="text"
                        value="Coding"
                      />
                    </div>
                  </div>
                </div>
                <div
                  className="mb-3"
                >
                  <div
                    className="row"
                  >
                    <div
                      className="col-sm-6 col-12"
                    >
                      <input
                        className="form-control"
                        name="1"
                        onChange={[Function]}
                        type="text"
                        value="Playing piano"
                      />
                    </div>
                  </div>
                </div>
                <div
                  className="mb-3"
                >
                  <div
                    className="row"
                  >
                    <div
                      className="col-sm-6 col-12"
                    >
                      <input
                        className="form-control"
                        name="2"
                        onChange={[Function]}
                        type="text"
                        value="Product management"
                      />
                    </div>
                  </div>
                </div>
                <div
                  className="d-flex justify-content-around"
                >
                  <button
                    className="btn btn-outline-success"
                    disabled={false}
                    id="add"
                    onClick={[Function]}
                    type="button"
                  >
                     Add input
                  </button>
                  <button
                    className="btn btn-outline-danger"
                    disabled={false}
                    id="delete"
                    onClick={[Function]}
                    type="button"
                  >
                     Delete last input 
                  </button>
                </div>
              </div>
            </div>
          </div>
          <hr />
          <div
            className="d-flex justify-content-around"
          >
            <button
              className="btn btn-outline-primary"
              disabled={false}
              onClick={[Function]}
              type="button"
            >
               Send Form 
            </button>
          </div>
        </form>
      </div>
    </div>
  </div>
</div>
`;
