// Jest Snapshot v1, https://goo.gl/fbAQLP

exports[`FormSourceSelector should render correctly form source selector component 1`] = `
<div
  className="row"
>
  <div
    className="col-xl-6 col-md-8 col-12"
  >
    <div
      className="form-source-selector w-100 mt-2 d-flex align-content-center justify-content-around"
    >
      <button
        className="change-data-button btn btn-outline-info"
        disabled={false}
        onClick={[MockFunction]}
        type="button"
      >
        Change Form Sample
      </button>
    </div>
  </div>
</div>
`;
