// Jest Snapshot v1, https://goo.gl/fbAQLP

exports[`MultiStringInput should render correctly multistring component 1`] = `
<div>
  <div
    className="mb-3"
  >
    <div
      className="row"
    >
      <div
        className="col-12"
      >
        <input
          className="form-control"
          name="0"
          onChange={[Function]}
          type="text"
          value="Running"
        />
      </div>
    </div>
  </div>
  <div
    className="mb-3"
  >
    <div
      className="row"
    >
      <div
        className="col-12"
      >
        <input
          className="form-control"
          name="1"
          onChange={[Function]}
          type="text"
          value="Play the piano"
        />
      </div>
    </div>
  </div>
  <div
    className="mb-3"
  >
    <div
      className="row"
    >
      <div
        className="col-12"
      >
        <input
          className="form-control"
          name="2"
          onChange={[Function]}
          type="text"
          value="Coding"
        />
      </div>
    </div>
  </div>
  <div
    className="d-flex justify-content-around"
  >
    <button
      className="btn btn-outline-success"
      disabled={false}
      id="add"
      onClick={[Function]}
      type="button"
    >
       Add input
    </button>
    <button
      className="btn btn-outline-danger"
      disabled={false}
      id="delete"
      onClick={[Function]}
      type="button"
    >
       Delete last input 
    </button>
  </div>
</div>
`;
