// Jest Snapshot v1, https://goo.gl/fbAQLP

exports[`RadioInput should render correctly radio component 1`] = `
<div
  className="radio-input-container"
>
  <div>
    <div
      className="form-check form-check-inline"
    >
      <input
        className="form-check-input"
        defaultChecked={true}
        disabled={false}
        id="male"
        name="gender"
        onChange={[Function]}
        type="radio"
        value="male"
      />
      <label
        className="form-check-label"
        htmlFor="male"
        title=""
        type="checkbox"
      >
        Male
      </label>
    </div>
  </div>
  <div>
    <div
      className="form-check form-check-inline"
    >
      <input
        className="form-check-input"
        defaultChecked={false}
        disabled={false}
        id="female"
        name="gender"
        onChange={[Function]}
        type="radio"
        value="female"
      />
      <label
        className="form-check-label"
        htmlFor="female"
        title=""
        type="checkbox"
      >
        Female
      </label>
    </div>
  </div>
</div>
`;
