// Jest Snapshot v1, https://goo.gl/fbAQLP

exports[`SelectInput should render correctly select component 1`] = `
<div
  className="row"
>
  <div
    className="col-12"
  >
    <select
      className="form-control"
      defaultValue="europe"
      onChange={[Function]}
    >
      <option
        value="asia"
      >
         
        Asia
      </option>
      <option
        value="europe"
      >
         
        Europe
      </option>
    </select>
  </div>
</div>
`;
