// Jest Snapshot v1, https://goo.gl/fbAQLP

exports[`StringInput should render correctly string component 1`] = `
<div
  className="row"
>
  <div
    className="col-12"
  >
    <input
      className="form-control"
      name="first_name"
      onChange={[Function]}
      type="text"
      value="Paul"
    />
  </div>
</div>
`;
